1790143392.000 5.5034
1790143394.000 8.4748
1790143396.000 7.1209
1790143398.000 8.0466
1790143400.000 16.9250
1790143402.000 6.9285
1790143404.000 19.5773
1790143406.000 13.2431
1790143408.000 10.7175
1790143410.000 18.8512
1790143412.000 12.1939
1790143414.000 12.6084
1790143416.000 14.3927
1790143418.000 12.5499
1790143420.000 11.8813
1790143422.000 11.2978
1790143424.000 12.0771
1790143426.000 9.9519
1790143429.000 11.9272
1790143431.000 10.0655
1790143433.000 12.7910
1790143435.000 12.3533
1790143437.000 11.0631
1790143439.000 12.5231
1790143441.000 11.8867
1790143443.000 12.2307
1790143445.000 13.2606
1790143447.000 11.6958
1790143449.000 12.1444
1790143451.000 13.6242
1790143453.000 12.2178
1790143455.000 20.6046
1790143457.000 12.5131
1790143459.000 14.8680
1790143461.000 18.6250
1790143463.000 12.7570
1790143465.000 12.8391
1790143467.000 13.3235
1790143470.000 27.2323
1790143472.000 14.6420
1790143474.000 15.3711
1790143476.000 12.2707
1790143478.000 43.8878
1790143480.000 7.3894
1790143482.000 5.5971
1790143484.000 11.7461
1790143486.000 6.5096
1790143488.000 10.9171
# switched to thread-CPU-time probe
1790143489.000 6.5402
1790143491.000 8.1086
1790143493.000 8.3964
1790143495.000 7.4399
1790143497.000 7.9116
1790143499.000 9.3513
1790143501.000 7.1730
1790143503.000 9.2902
1790143505.000 9.2615
1790143507.000 5.9538
1790143509.000 7.2491
1790143511.000 8.1290
1790143513.000 9.0796
1790143515.000 8.4692
1790143517.000 8.1497
1790143519.000 8.9731
1790143521.000 8.2458
1790143523.000 8.8949
1790143525.000 8.9480
1790143527.000 10.4575
1790143529.000 7.7776
1790143531.000 7.1925
1790143533.000 7.8211
1790143535.000 6.7405
1790143537.000 7.4649
1790143540.000 9.0705
1790143542.000 9.6544
1790143544.000 7.2617
1790143546.000 7.6105
1790143548.000 5.7342
1790143550.000 8.5289
1790143552.000 9.9442
1790143554.000 7.0264
1790143556.000 7.0390
1790143558.000 7.0140
1790143560.000 8.4749
1790143562.000 6.5655
1790143564.000 10.5136
1790143566.000 7.5691
1790143568.000 10.8505
1790143570.000 7.9392
1790143572.000 10.9105
1790143574.000 11.5266
1790143576.000 11.6436
1790143578.000 10.9501
1790143580.000 11.9168
1790143582.000 9.4570
1790143584.000 11.2723
1790143586.000 9.3815
1790143588.000 11.2617
1790143590.000 11.7888
1790143592.000 12.0757
1790143594.000 10.1184
1790143597.000 11.5929
1790143599.000 9.5686
1790143601.000 11.8959
1790143603.000 12.2547
1790143605.000 9.8205
1790143607.000 10.6021
1790143609.000 12.1079
1790143611.000 15.1242
1790143613.000 16.6208
1790143615.000 12.7834
1790143617.000 10.0290
1790143619.000 9.1202
1790143621.000 8.3043
1790143623.000 11.0972
1790143625.000 10.9428
1790143627.000 8.9327
1790143629.000 9.0355
1790143631.000 9.1978
1790143633.000 8.2773
1790143635.000 9.0051
1790143637.000 9.2826
1790143639.000 8.5683
1790143641.000 8.8100
1790143643.000 11.4804
1790143645.000 11.1870
1790143647.000 8.1912
1790143650.000 10.9596
1790143652.000 8.4079
1790143654.000 7.8835
1790143656.000 5.9531
1790143658.000 11.0282
1790143660.000 12.6136
1790143662.000 13.0892
1790143664.000 14.2121
1790143666.000 12.8387
1790143668.000 12.2029
1790143670.000 10.2546
1790143672.000 10.0587
1790143674.000 14.0551
1790143676.000 12.5361
1790143678.000 14.8224
1790143680.000 15.3338
1790143682.000 10.6553
1790143684.000 10.7212
1790143686.000 14.2510
1790143688.000 10.9336
1790143691.000 11.6921
1790143693.000 11.7880
1790143695.000 10.8943
1790143697.000 9.9414
1790143699.000 10.7556
1790143701.000 10.0247
1790143703.000 11.8429
1790143705.000 11.2828
1790143707.000 10.7290
1790143709.000 11.7579
1790143711.000 11.0008
1790143713.000 13.0788
1790143715.000 13.5767
1790143717.000 11.4115
1790143719.000 12.6751
1790143721.000 12.0199
1790143723.000 9.7430
1790143725.000 12.0841
1790143727.000 12.8492
1790143730.000 12.7049
1790143732.000 15.9379
1790143734.000 5.2267
1790143736.000 6.1243
1790143738.000 7.8004
1790143740.000 6.7989
1790143742.000 9.5096
1790143744.000 12.5144
1790143746.000 9.1782
1790143748.000 12.1562
1790143750.000 11.2022
1790143752.000 9.4291
1790143754.000 10.1892
1790143756.000 9.7957
1790143758.000 9.4541
1790143760.000 9.4421
1790143762.000 8.6747
1790143764.000 12.6525
1790143766.000 10.2643
1790143768.000 10.3369
1790143770.000 12.1000
1790143772.000 8.9732
1790143774.000 9.8279
1790143776.000 11.8193
1790143779.000 11.7207
1790143781.000 12.9930
1790143783.000 10.3736
1790143785.000 10.8575
1790143787.000 10.0778
1790143789.000 9.5080
1790143791.000 11.1598
1790143793.000 9.9363
1790143795.000 9.9837
1790143797.000 9.0128
1790143799.000 9.9630
1790143801.000 11.3687
1790143803.000 9.7483
1790143805.000 9.4125
1790143807.000 9.3180
1790143809.000 10.8009
1790143811.000 11.9168
1790143813.000 10.4449
1790143815.000 10.3930
1790143817.000 9.1935
1790143819.000 5.1934
1790143821.000 9.3446
1790143823.000 5.7918
1790143825.000 6.1311
1790143827.000 13.7985
1790143829.000 11.8547
1790143832.000 12.1713
1790143834.000 9.6016
1790143836.000 9.4285
1790143838.000 12.7070
1790143840.000 11.6484
1790143842.000 10.8474
1790143844.000 9.5868
1790143846.000 9.6691
1790143848.000 9.1052
1790143850.000 11.2201
1790143852.000 10.6998
1790143854.000 10.8808
1790143856.000 10.7824
1790143858.000 9.1649
1790143860.000 12.1650
1790143862.000 12.5318
1790143864.000 10.2288
1790143866.000 10.9877
1790143868.000 10.5264
1790143870.000 10.3177
1790143872.000 11.4146
1790143874.000 11.2844
1790143876.000 13.1199
1790143878.000 11.8806
1790143881.000 10.4756
1790143883.000 11.4687
1790143885.000 11.0126
1790143887.000 11.2598
1790143889.000 11.1988
1790143891.000 12.0207
1790143893.000 12.1970
1790143895.000 10.7567
1790143897.000 9.0661
1790143899.000 10.2533
1790143901.000 10.4820
1790143903.000 6.7329
1790143905.000 7.8798
1790143907.000 8.3617
1790143909.000 7.2869
1790143911.000 6.7777
1790143913.000 9.9491
1790143915.000 12.9248
1790143917.000 12.5595
1790143919.000 9.8124
1790143921.000 11.2598
1790143923.000 9.3054
1790143925.000 12.1492
1790143927.000 12.6344
1790143930.000 12.9281
1790143932.000 11.8237
1790143934.000 10.1737
1790143936.000 13.1362
1790143938.000 9.6848
1790143940.000 12.3070
1790143942.000 12.4208
1790143944.000 11.9855
1790143946.000 10.2172
1790143948.000 11.7978
1790143950.000 10.3675
1790143952.000 9.7763
1790143954.000 13.6474
1790143956.000 11.1068
1790143958.000 10.5593
1790143960.000 10.5629
1790143962.000 12.7351
1790143964.000 10.0210
1790143966.000 12.3076
1790143968.000 10.8354
1790143970.000 11.3782
1790143972.000 10.8914
1790143974.000 12.5065
1790143977.000 10.0931
1790143979.000 11.4786
1790143981.000 11.0155
1790143983.000 10.7897
1790143985.000 13.6229
1790143987.000 12.7678
1790143989.000 11.1101
1790143991.000 9.0811
1790143993.000 5.3346
1790143995.000 8.2437
1790143997.000 7.1995
1790143999.000 9.4542
1790144001.000 12.7994
1790144003.000 10.4521
1790144005.000 10.9574
1790144007.000 9.3651
1790144009.000 10.7521
1790144011.000 10.7282
1790144013.000 10.0809
1790144015.000 10.5448
1790144017.000 9.9209
1790144019.000 10.4661
1790144021.000 11.8947
1790144023.000 9.0231
1790144026.000 10.9949
1790144028.000 10.4326
1790144030.000 10.8366
1790144032.000 10.8367
1790144034.000 9.1128
1790144036.000 9.5283
1790144038.000 11.0257
1790144040.000 10.4618
1790144042.000 10.4895
1790144044.000 11.0467
1790144046.000 10.3118
1790144048.000 9.8899
1790144050.000 10.9644
1790144052.000 9.2882
1790144054.000 9.6779
1790144056.000 10.7296
1790144058.000 10.4632
1790144060.000 8.6448
1790144062.000 9.0230
1790144064.000 9.6824
1790144066.000 10.1105
1790144068.000 10.8571
1790144070.000 10.6423
1790144072.000 11.2047
1790144075.000 14.5159
1790144077.000 5.1316
1790144079.000 6.0816
1790144081.000 11.3515
1790144083.000 7.5660
1790144085.000 7.7774
1790144087.000 10.8861
1790144089.000 9.9909
1790144091.000 10.2301
1790144093.000 8.8368
1790144095.000 10.2415
1790144097.000 10.6720
1790144099.000 10.4195
1790144101.000 11.1507
1790144103.000 11.6371
1790144105.000 10.5802
1790144107.000 9.8360
1790144109.000 12.2536
1790144111.000 10.1020
1790144113.000 9.0358
1790144115.000 9.5410
1790144117.000 10.5855
1790144119.000 11.7535
1790144121.000 9.7701
1790144123.000 10.1792
1790144125.000 10.4704
1790144128.000 10.3645
1790144130.000 11.1831
1790144132.000 9.6780
1790144134.000 9.5696
1790144136.000 12.7775
1790144138.000 9.5136
1790144140.000 12.0573
1790144142.000 10.6495
1790144144.000 9.4684
1790144146.000 12.3346
1790144148.000 9.9094
1790144150.000 11.1742
1790144152.000 10.5902
1790144154.000 9.7591
1790144156.000 11.3202
1790144158.000 10.0026
1790144160.000 10.8167
1790144162.000 6.0017
1790144164.000 11.6274
1790144166.000 11.7529
1790144169.000 7.0349
1790144171.000 6.8939
1790144173.000 12.1301
1790144175.000 14.3582
1790144177.000 13.5181
1790144179.000 13.2008
1790144181.000 12.3724
1790144183.000 12.5374
1790144185.000 11.7339
1790144187.000 14.2095
1790144189.000 12.9205
1790144191.000 11.5359
1790144193.000 13.1271
1790144195.000 12.6317
1790144197.000 9.2785
1790144199.000 14.6086
1790144201.000 11.0621
1790144203.000 11.4362
1790144205.000 13.0952
1790144207.000 12.2647
1790144210.000 15.5755
1790144212.000 16.8752
1790144214.000 16.1646
1790144216.000 14.2206
1790144218.000 14.1546
1790144220.000 13.3562
1790144222.000 13.4079
1790144224.000 11.1998
1790144226.000 12.5510
1790144228.000 12.4930
1790144230.000 14.6150
1790144232.000 14.1080
1790144234.000 12.2931
1790144236.000 12.0101
1790144238.000 11.9169
1790144240.000 12.9252
1790144243.000 14.0168
1790144245.000 11.6074
1790144247.000 8.0797
1790144249.000 9.8315
1790144251.000 8.7724
1790144253.000 11.5185
1790144255.000 6.6589
1790144257.000 9.6434
1790144259.000 11.9204
1790144261.000 10.8130
1790144263.000 12.4290
1790144265.000 12.1164
1790144267.000 12.7648
1790144269.000 14.9448
1790144271.000 11.8384
1790144273.000 12.6712
1790144275.000 12.8519
1790144277.000 11.6611
1790144279.000 10.2183
1790144281.000 12.9456
1790144283.000 11.2803
1790144285.000 11.7396
1790144288.000 12.2277
1790144290.000 10.8334
1790144292.000 14.5190
1790144294.000 12.1348
1790144296.000 10.5900
1790144298.000 11.7637
1790144300.000 12.4906
1790144302.000 11.8112
1790144304.000 12.3047
1790144306.000 11.0351
1790144308.000 10.5575
1790144310.000 11.8892
1790144312.000 11.7421
1790144314.000 12.5056
1790144316.000 11.4605
1790144318.000 12.4240
1790144320.000 10.6701
1790144322.000 10.9642
1790144324.000 12.5058
1790144326.000 12.4990
1790144328.000 13.2525
1790144331.000 13.1708
1790144333.000 10.1985
1790144335.000 6.4507
1790144337.000 6.1231
1790144339.000 8.0122
1790144341.000 9.9554
1790144343.000 6.2941
1790144345.000 6.9588
1790144347.000 13.8521
1790144349.000 12.5547
1790144351.000 14.5031
1790144353.000 11.0825
1790144355.000 11.5944
1790144357.000 12.2081
1790144359.000 12.3475
1790144361.000 14.0296
1790144363.000 12.1069
1790144365.000 11.7533
1790144367.000 11.6148
1790144369.000 20.0121
1790144372.000 15.3674
1790144374.000 12.6648
1790144376.000 13.4062
1790144378.000 13.2517
1790144380.000 10.8307
1790144382.000 11.2376
1790144384.000 12.6735
1790144386.000 10.4486
1790144388.000 12.5082
1790144390.000 12.5547
1790144392.000 12.9207
1790144394.000 10.9570
1790144396.000 11.1013
1790144398.000 9.8426
1790144400.000 13.1307
1790144402.000 10.6941
1790144404.000 11.0596
1790144406.000 11.2262
1790144408.000 13.0732
1790144410.000 11.8727
1790144412.000 12.0673
1790144415.000 15.0792
1790144417.000 13.8930
1790144419.000 14.5126
1790144421.000 16.2346
1790144423.000 7.7409
1790144425.000 7.6846
1790144427.000 11.7370
1790144429.000 9.3646
1790144431.000 6.6203
1790144433.000 5.9704
1790144435.000 11.1374
1790144437.000 10.3812
1790144439.000 12.7512
1790144441.000 13.5892
1790144443.000 14.6750
1790144445.000 13.2839
1790144447.000 10.4072
1790144449.000 10.4915
1790144452.000 11.7306
1790144454.000 10.0305
1790144456.000 10.9489
1790144458.000 11.7344
1790144460.000 10.4309
1790144462.000 13.3504
1790144464.000 13.1416
1790144466.000 11.0845
1790144468.000 14.5761
1790144470.000 11.4965
1790144472.000 9.8710
1790144474.000 11.2624
1790144476.000 10.4467
1790144478.000 10.1832
1790144480.000 11.4969
1790144482.000 12.1252
1790144484.000 10.9876
1790144486.000 9.7529
1790144488.000 10.3429
1790144490.000 10.5028
1790144492.000 9.9273
1790144494.000 10.3029
1790144496.000 11.2607
1790144498.000 11.5826
1790144501.000 10.8022
1790144503.000 9.1466
1790144505.000 11.8690
1790144507.000 10.0638
1790144509.000 9.8282
1790144511.000 9.3625
1790144513.000 6.0411
1790144515.000 11.4584
1790144517.000 8.6266
1790144519.000 6.2944
1790144521.000 16.6054
1790144523.000 10.6985
1790144525.000 10.8448
1790144527.000 13.3159
1790144529.000 14.1314
1790144531.000 13.4352
1790144533.000 10.7084
1790144535.000 12.7544
1790144537.000 9.6599
1790144539.000 11.0585
1790144542.000 10.2540
1790144544.000 10.3210
1790144546.000 12.1667
1790144548.000 8.8117
1790144550.000 9.0266
1790144552.000 12.9839
1790144554.000 10.5280
1790144556.000 9.7696
1790144558.000 10.2754
1790144560.000 11.6383
1790144562.000 10.2126
1790144564.000 16.0757
1790144566.000 9.2524
1790144568.000 9.6023
1790144570.000 10.0719
1790144572.000 10.0947
1790144574.000 10.1897
1790144576.000 10.3036
1790144578.000 9.3897
1790144580.000 15.0009
1790144582.000 9.6717
1790144584.000 8.5538
1790144586.000 8.1744
1790144588.000 9.3868
1790144590.000 10.4004
1790144593.000 11.6617
1790144595.000 12.1887
1790144597.000 10.9938
1790144599.000 8.5705
1790144601.000 9.1700
1790144603.000 9.3924
1790144605.000 9.7901
1790144607.000 8.5739
1790144609.000 12.2905
1790144611.000 9.9706
1790144613.000 10.4997
1790144615.000 9.2478
1790144617.000 9.7288
1790144619.000 10.2028
1790144621.000 21.6586
1790144623.000 10.2739
1790144625.000 9.1807
1790144627.000 9.5993
1790144629.000 7.6278
1790144631.000 8.3382
1790144633.000 8.1557
1790144635.000 8.9763
1790144637.000 9.5301
1790144640.000 8.3408
1790144642.000 9.3355
1790144644.000 7.5602
1790144646.000 8.2613
1790144648.000 7.3028
1790144650.000 7.7884
1790144652.000 7.7107
1790144654.000 9.1695
1790144656.000 9.0458
1790144658.000 8.0484
1790144660.000 9.1690
1790144662.000 7.8754
1790144664.000 7.2158
1790144666.000 9.7817
1790144668.000 7.6480
1790144670.000 7.9326
1790144672.000 9.1180
1790144674.000 8.2970
1790144676.000 6.4604
1790144678.000 7.7312
1790144680.000 9.3371
1790144682.000 8.5487
1790144684.000 11.1151
1790144686.000 7.3611
1790144688.000 8.1019
1790144690.000 7.8255
1790144692.000 10.6914
1790144694.000 7.6827
1790144696.000 7.5228
1790144698.000 9.1146
1790144700.000 9.8492
1790144702.000 9.5014
1790144704.000 8.6301
1790144706.000 13.0947
1790144709.000 8.9477
1790144711.000 8.6230
1790144713.000 8.3750
1790144715.000 17.8807
1790144717.000 9.8722
1790144719.000 8.8463
1790144721.000 7.6164
1790144723.000 7.8963
1790144725.000 9.6080
1790144727.000 7.0052
1790144729.000 7.6631
1790144731.000 8.8877
1790144733.000 7.1957
1790144735.000 8.4972
1790144737.000 8.5772
1790144739.000 7.3776
1790144741.000 8.5270
1790144743.000 7.9825
1790144745.000 8.2870
1790144747.000 8.8685
1790144749.000 8.9490
1790144751.000 8.5447
1790144753.000 7.8856
1790144755.000 7.5676
1790144757.000 8.4160
1790144759.000 8.0004
1790144761.000 7.3558
1790144763.000 8.2175
1790144765.000 7.0639
1790144767.000 8.2309
1790144769.000 8.8952
1790144771.000 8.5639
1790144773.000 8.6291
1790144775.000 8.6421
1790144778.000 7.1509
1790144780.000 5.9565
1790144782.000 9.5185
1790144784.000 9.3558
1790144786.000 9.3286
1790144788.000 9.3791
1790144790.000 8.1559
1790144792.000 7.7454
1790144794.000 9.5894
1790144796.000 8.7556
1790144798.000 8.7566
1790144800.000 10.0779
1790144802.000 10.1540
1790144804.000 10.7587
1790144806.000 7.9765
1790144808.000 6.9343
1790144810.000 10.8222
1790144812.000 8.8824
1790144814.000 8.2687
1790144816.000 8.8794
1790144818.000 8.0801
1790144820.000 9.3925
1790144822.000 8.9413
1790144824.000 10.2778
1790144826.000 9.3828
1790144828.000 8.7618
1790144830.000 8.9222
1790144832.000 8.5788
1790144834.000 7.9458
1790144836.000 8.1243
1790144838.000 8.2984
1790144840.000 9.2752
1790144842.000 7.0166
1790144844.000 8.9097
1790144847.000 8.7598
1790144849.000 8.2900
1790144851.000 8.1057
1790144853.000 8.8324
1790144855.000 8.0846
1790144857.000 7.9286
1790144859.000 10.7533
1790144861.000 9.6667
1790144863.000 9.6270
1790144865.000 9.4875
1790144867.000 8.3972
1790144869.000 8.7095
1790144871.000 9.2439
1790144873.000 8.6735
1790144875.000 9.0862
1790144877.000 8.7320
1790144879.000 8.4081
1790144881.000 9.7166
1790144883.000 10.8525
1790144885.000 7.9955
1790144887.000 9.2267
1790144889.000 9.2696
1790144891.000 9.7863
1790144893.000 13.7538
1790144895.000 10.3809
1790144897.000 9.6158
1790144899.000 9.5579
1790144901.000 10.6638
1790144903.000 11.1263
1790144905.000 12.2168
1790144908.000 9.8978
1790144910.000 10.8445
1790144912.000 9.9279
1790144914.000 8.8996
1790144916.000 8.9343
1790144918.000 9.6133
1790144920.000 12.8550
1790144922.000 9.8811
1790144924.000 9.1575
1790144926.000 8.8156
1790144928.000 11.4457
1790144930.000 9.7023
1790144932.000 9.8369
1790144934.000 8.3395
1790144936.000 11.2453
1790144938.000 9.7204
1790144940.000 8.2766
1790144942.000 8.1761
1790144944.000 9.4514
1790144946.000 6.2705
1790144948.000 7.5524
1790144950.000 7.1975
1790144952.000 9.2362
1790144954.000 6.9923
1790144956.000 7.7047
1790144958.000 9.4363
1790144960.000 8.8619
1790144962.000 7.0047
1790144964.000 10.1174
1790144966.000 9.6984
1790144969.000 8.2575
1790144971.000 8.0969
1790144973.000 7.0875
1790144975.000 9.6366
1790144977.000 9.0111
1790144979.000 9.1483
1790144981.000 10.7665
1790144983.000 8.4663
1790144985.000 10.0372
1790144987.000 9.5148
1790144989.000 7.4766
1790144991.000 8.6099
1790144993.000 8.5665
1790144995.000 7.8304
1790144997.000 8.4829
1790144999.000 9.0898
1790145001.000 9.9988
1790145003.000 9.5591
1790145005.000 10.4638
1790145007.000 8.6630
1790145009.000 9.8466
1790145011.000 8.3217
1790145013.000 7.9013
1790145015.000 9.8706
1790145017.000 8.3198
1790145019.000 8.7575
1790145021.000 8.6415
1790145023.000 11.2164
1790145025.000 10.8702
1790145027.000 12.4156
1790145029.000 9.9953
1790145032.000 11.2771
1790145034.000 7.9033
1790145036.000 9.5478
1790145038.000 10.8989
1790145040.000 9.2201
1790145042.000 9.5579
1790145044.000 8.6670
1790145046.000 9.1018
1790145048.000 9.8555
1790145050.000 9.0705
1790145052.000 8.7526
1790145054.000 8.9318
1790145056.000 9.3597
1790145058.000 8.5211
1790145060.000 9.1918
1790145062.000 9.2085
1790145064.000 8.8553
1790145066.000 8.9678
1790145068.000 9.9827
1790145070.000 8.3559
1790145072.000 8.9762
1790145074.000 9.6369
1790145076.000 10.0853
1790145078.000 10.7898
1790145080.000 9.5506
1790145082.000 9.9808
1790145084.000 9.7090
1790145086.000 9.7948
1790145088.000 7.8565
1790145090.000 9.9832
1790145092.000 10.3864
1790145095.000 10.2333
1790145097.000 9.3771
1790145099.000 10.8335
1790145101.000 8.7999
1790145103.000 8.6637
1790145105.000 9.3583
1790145107.000 9.1712
1790145109.000 19.3885
1790145111.000 9.3505
1790145113.000 10.2616
1790145115.000 8.4127
1790145117.000 9.2132
1790145119.000 9.8521
1790145121.000 8.2775
1790145123.000 8.2240
1790145125.000 9.2286
1790145127.000 10.3268
1790145129.000 5.8673
1790145131.000 8.9199
1790145133.000 8.8335
1790145135.000 8.1679
1790145137.000 5.8280
1790145139.000 14.6921
1790145141.000 11.4909
1790145143.000 11.8864
1790145145.000 11.9560
1790145147.000 9.7568
1790145149.000 10.3877
1790145152.000 10.8280
1790145154.000 9.5541
1790145156.000 10.7106
1790145158.000 10.0319
1790145160.000 11.4790
1790145162.000 15.1164
1790145164.000 11.2339
1790145166.000 11.5972
1790145168.000 11.2041
1790145170.000 10.7872
1790145172.000 13.6415
1790145174.000 11.5945
1790145176.000 11.7349
1790145178.000 10.1169
1790145180.000 14.3533
1790145182.000 18.3533
1790145184.000 12.1443
1790145186.000 10.6260
1790145188.000 11.0126
1790145191.000 13.1712
1790145193.000 12.3331
1790145195.000 11.8253
1790145197.000 12.4473
1790145199.000 13.2778
1790145201.000 10.1698
1790145203.000 10.3126
1790145205.000 10.6349
1790145207.000 9.8990
1790145209.000 12.4920
1790145211.000 10.5150
1790145213.000 12.0099
1790145215.000 8.4624
1790145217.000 7.7536
1790145219.000 10.7085
1790145221.000 6.6586
1790145223.000 8.1958
1790145225.000 6.7288
1790145227.000 11.7726
1790145229.000 11.8827
1790145231.000 12.3494
1790145234.000 12.5644
1790145236.000 13.1356
1790145238.000 12.7557
1790145240.000 11.1304
1790145242.000 14.4935
1790145244.000 12.0525
1790145246.000 12.7418
1790145248.000 11.6879
1790145250.000 13.1052
1790145252.000 13.0945
1790145254.000 11.3619
1790145256.000 11.5769
1790145258.000 11.7947
1790145260.000 12.5871
1790145262.000 14.6721
1790145264.000 11.0817
1790145266.000 11.7984
1790145268.000 11.4187
1790145270.000 12.5300
1790145273.000 13.5583
1790145275.000 11.9435
1790145277.000 12.0075
1790145279.000 11.5077
1790145281.000 12.7054
1790145283.000 11.4526
1790145285.000 12.0254
1790145287.000 11.4023
1790145289.000 12.2409
1790145291.000 12.4265
1790145293.000 13.6382
1790145295.000 13.4307
1790145297.000 12.7248
1790145299.000 13.4357
1790145301.000 7.8381
1790145303.000 5.5488
1790145306.000 7.5185
1790145308.000 10.7482
1790145310.000 7.5327
1790145312.000 13.4648
1790145314.000 12.1052
1790145316.000 12.1306
1790145318.000 12.1640
1790145320.000 12.4177
1790145322.000 13.6098
1790145324.000 13.9321
1790145326.000 12.4650
1790145328.000 13.3062
1790145330.000 12.4950
1790145332.000 11.1020
1790145334.000 13.4592
1790145336.000 14.9232
1790145338.000 12.1692
1790145340.000 15.1406
1790145342.000 12.5500
1790145344.000 10.9287
1790145347.000 13.2096
1790145349.000 13.0871
1790145351.000 12.0981
1790145353.000 11.4043
1790145355.000 12.5392
1790145357.000 11.2992
1790145359.000 11.7311
1790145361.000 12.2843
1790145363.000 11.7648
1790145365.000 11.1000
1790145367.000 11.6614
1790145369.000 11.1578
1790145371.000 11.0914
1790145373.000 12.3979
1790145375.000 11.9150
1790145377.000 12.2760
1790145379.000 11.8677
1790145381.000 10.7171
1790145383.000 12.2659
1790145386.000 10.2998
1790145388.000 5.5151
1790145390.000 7.7575
1790145392.000 9.6757
1790145394.000 5.9685
1790145396.000 5.8439
1790145398.000 12.6401
1790145400.000 11.0346
1790145402.000 11.9886
1790145404.000 10.9966
1790145406.000 11.1765
1790145408.000 11.5511
1790145410.000 11.3463
1790145412.000 13.8388
1790145414.000 15.3743
1790145416.000 11.1615
1790145418.000 12.5954
1790145420.000 12.3803
1790145422.000 13.4517
1790145424.000 14.3590
1790145426.000 12.3994
1790145428.000 10.8218
1790145431.000 13.2852
1790145433.000 12.4427
1790145435.000 12.3304
1790145437.000 11.7422
1790145439.000 12.4825
1790145441.000 14.5753
1790145443.000 12.7774
1790145445.000 11.2992
1790145447.000 13.8055
1790145449.000 12.8703
1790145451.000 13.2704
1790145453.000 12.4495
1790145455.000 10.8265
1790145457.000 13.5698
1790145459.000 11.8408
1790145461.000 12.1542
1790145463.000 11.7242
1790145465.000 12.5207
1790145467.000 11.8137
1790145470.000 12.7130
1790145472.000 8.2514
1790145474.000 5.5882
1790145476.000 5.1512
1790145478.000 5.7874
1790145480.000 13.1138
1790145482.000 8.5034
1790145484.000 7.6171
1790145486.000 14.4374
1790145488.000 11.5444
1790145490.000 14.3194
1790145492.000 11.7919
1790145494.000 11.7183
1790145496.000 13.0678
1790145498.000 11.4757
1790145500.000 13.7933
1790145502.000 13.6875
1790145504.000 13.1598
1790145506.000 13.1420
1790145508.000 13.8766
1790145510.000 15.4371
1790145512.000 11.4547
1790145515.000 13.8164
1790145517.000 14.4988
1790145519.000 12.0600
1790145521.000 12.4656
1790145523.000 11.6365
1790145525.000 12.9458
1790145527.000 15.6677
1790145529.000 12.8677
1790145531.000 9.4155
1790145533.000 13.5469
1790145535.000 13.4726
1790145537.000 14.2143
1790145539.000 10.5139
1790145541.000 12.8748
1790145543.000 12.8923
1790145545.000 14.0586
1790145547.000 11.2260
1790145549.000 13.7846
1790145552.000 11.9765
1790145554.000 12.9818
1790145556.000 14.2842
1790145558.000 10.6368
1790145560.000 9.0298
1790145562.000 9.5270
1790145564.000 9.2359
1790145566.000 13.2149
1790145568.000 8.7860
1790145570.000 8.0195
1790145572.000 11.5046
1790145574.000 14.4153
1790145576.000 11.0929
1790145578.000 15.3803
1790145580.000 12.8720
1790145582.000 13.6964
1790145584.000 15.1163
1790145586.000 12.8629
1790145589.000 16.0291
1790145591.000 10.4368
1790145593.000 11.9593
1790145595.000 13.0086
1790145597.000 11.6226
1790145599.000 13.1478
1790145601.000 12.2477
1790145603.000 12.0875
1790145605.000 10.5365
1790145607.000 14.0203
1790145609.000 10.9628
1790145611.000 12.1989
1790145613.000 10.2914
1790145615.000 11.5968
1790145617.000 9.8098
1790145619.000 13.0860
1790145621.000 13.1246
1790145623.000 10.5863
1790145625.000 11.8919
1790145627.000 11.4980
1790145630.000 12.5474
1790145632.000 12.0628
1790145634.000 12.6883
1790145636.000 12.1274
1790145638.000 11.5030
1790145640.000 13.3869
1790145642.000 13.8822
1790145644.000 24.6284
1790145646.000 5.1407
1790145648.000 5.2537
1790145650.000 9.4467
1790145652.000 6.4890
1790145654.000 6.6807
1790145656.000 11.2251
1790145658.000 16.6144
1790145660.000 14.7989
1790145662.000 11.7584
1790145664.000 11.5209
1790145667.000 11.6334
1790145669.000 14.4634
1790145671.000 11.0870
1790145673.000 13.2375
1790145675.000 13.4206
1790145677.000 11.5670
1790145679.000 12.9315
1790145681.000 14.1509
1790145683.000 11.2589
1790145685.000 12.6422
1790145687.000 11.7322
1790145689.000 11.7747
1790145691.000 11.0729
1790145693.000 13.3534
1790145695.000 11.4516
1790145697.000 12.1921
1790145699.000 13.4011
1790145701.000 12.8856
1790145703.000 10.3964
1790145705.000 13.3391
1790145707.000 10.8782
1790145709.000 11.5050
1790145712.000 12.1592
1790145714.000 13.2458
1790145716.000 12.0859
1790145718.000 10.5113
1790145720.000 11.2839
1790145722.000 12.1811
1790145724.000 11.2276
1790145726.000 10.7479
1790145728.000 11.6999
1790145730.000 14.2162
1790145732.000 8.0749
1790145734.000 5.2709
1790145736.000 8.7526
1790145738.000 11.8430
1790145740.000 8.2925
1790145742.000 10.5656
1790145744.000 11.2612
1790145746.000 11.3728
1790145748.000 11.0605
1790145750.000 12.0393
1790145752.000 11.4915
1790145755.000 13.8370
1790145757.000 12.0283
1790145759.000 11.0420
1790145761.000 12.7001
1790145763.000 13.9847
1790145765.000 15.1598
1790145767.000 11.4953
1790145769.000 12.3106
1790145771.000 13.1537
1790145773.000 14.2015
1790145775.000 11.5548
1790145777.000 13.2924
1790145779.000 11.4645
1790145781.000 10.9070
1790145783.000 12.1794
1790145785.000 11.0249
1790145787.000 14.9828
1790145789.000 13.7644
1790145791.000 11.3909
1790145794.000 11.9907
1790145796.000 11.7851
1790145798.000 11.7641
1790145800.000 11.0734
1790145802.000 13.0604
1790145804.000 12.3273
1790145806.000 10.3110
1790145808.000 11.7537
1790145810.000 10.9647
1790145812.000 12.9250
1790145814.000 13.8201
1790145816.000 11.3709
1790145818.000 10.0178
1790145820.000 9.1043
1790145822.000 10.3473
1790145824.000 10.0820
1790145826.000 6.4455
1790145828.000 6.3075
1790145830.000 18.1511
1790145833.000 13.1886
1790145835.000 12.1507
1790145837.000 21.4773
1790145839.000 10.4674
1790145841.000 12.2988
1790145843.000 15.2839
1790145845.000 12.5348
1790145847.000 11.5232
1790145849.000 12.6806
1790145851.000 12.8419
1790145853.000 12.7768
1790145855.000 12.2202
1790145857.000 14.4503
1790145859.000 13.3283
1790145861.000 15.2505
1790145863.000 13.7920
1790145865.000 13.2618
1790145868.000 11.0531
1790145870.000 12.1817
1790145872.000 12.5699
1790145874.000 12.1184
1790145876.000 12.2031
1790145878.000 12.1481
1790145880.000 12.5403
1790145882.000 13.7218
1790145884.000 12.0466
1790145886.000 10.8732
1790145888.000 11.4034
1790145890.000 16.8775
1790145892.000 13.3033
1790145894.000 15.9909
1790145896.000 13.5634
1790145898.000 14.0082
1790145900.000 12.0222
1790145903.000 12.4896
1790145905.000 7.3609
1790145907.000 5.5598
1790145909.000 8.4940
1790145911.000 6.1596
1790145913.000 7.4497
1790145915.000 19.7487
1790145917.000 11.7008
1790145919.000 9.3749
1790145921.000 13.9329
1790145923.000 12.2641
1790145925.000 12.1842
1790145927.000 10.9051
1790145929.000 11.1702
1790145931.000 11.1751
1790145933.000 9.3608
1790145935.000 13.9570
1790145937.000 12.6830
1790145939.000 10.9651
1790145941.000 11.0829
1790145943.000 16.2435
1790145946.000 14.4107
1790145948.000 12.0438
1790145950.000 11.5627
1790145952.000 11.4220
1790145954.000 11.6876
1790145956.000 12.2142
1790145958.000 10.4845
1790145960.000 13.6595
1790145962.000 12.6470
1790145964.000 11.5876
1790145966.000 10.6588
1790145968.000 13.2803
1790145970.000 12.8349
1790145972.000 9.3467
1790145974.000 12.3848
1790145976.000 11.4092
1790145978.000 12.3196
1790145980.000 8.9214
1790145982.000 11.9717
1790145984.000 10.3787
1790145987.000 11.2105
1790145989.000 11.6224
1790145991.000 5.6043
1790145993.000 8.5818
1790145995.000 7.5930
1790145997.000 6.3192
1790145999.000 7.6515
1790146001.000 14.3857
1790146003.000 14.1006
1790146005.000 11.9035
1790146007.000 13.1249
1790146009.000 13.2950
1790146011.000 11.4109
1790146013.000 11.2436
1790146015.000 13.0667
1790146017.000 10.4878
1790146019.000 14.1159
1790146021.000 10.8004
1790146023.000 10.9621
1790146025.000 11.3918
1790146027.000 13.4019
1790146029.000 12.6693
1790146032.000 14.2218
1790146034.000 10.5582
1790146036.000 10.9574
1790146038.000 12.5474
1790146040.000 12.7181
1790146042.000 14.3842
1790146044.000 12.7253
1790146046.000 12.4338
1790146048.000 11.0367
1790146050.000 12.7886
1790146052.000 13.5739
1790146054.000 15.9666
1790146056.000 13.1356
1790146058.000 11.9175
1790146060.000 14.3901
1790146062.000 11.1018
1790146064.000 13.8016
1790146066.000 11.3344
1790146068.000 12.7639
1790146071.000 12.4279
1790146073.000 12.8217
1790146075.000 8.2775
1790146077.000 8.5299
1790146079.000 7.4825
1790146081.000 8.2360
1790146083.000 9.4851
1790146085.000 12.0447
1790146087.000 12.4353
1790146089.000 11.6284
1790146091.000 12.8794
1790146093.000 11.7356
1790146095.000 11.4642
1790146097.000 12.6779
1790146099.000 11.6626
1790146101.000 11.0931
1790146103.000 10.9218
1790146105.000 11.4265
1790146107.000 10.6488
1790146109.000 12.2912
1790146111.000 11.3453
1790146113.000 10.0310
1790146115.000 12.4625
1790146117.000 13.0435
1790146120.000 16.1542
1790146122.000 10.6761
1790146124.000 11.6771
1790146126.000 11.7865
1790146128.000 13.0807
1790146130.000 14.2950
1790146132.000 13.7386
1790146134.000 10.5215
1790146136.000 11.7144
1790146138.000 14.0636
1790146140.000 10.2089
1790146142.000 10.9877
1790146144.000 11.8358
1790146146.000 10.4328
1790146148.000 12.4385
1790146150.000 10.7860
1790146152.000 11.5086
1790146154.000 12.2434
1790146156.000 10.9290
1790146158.000 11.4444
1790146161.000 11.1123
1790146163.000 8.4252
1790146165.000 10.0265
1790146167.000 11.1476
1790146169.000 10.9809
1790146171.000 9.0959
1790146173.000 13.8715
1790146175.000 12.3873
1790146177.000 11.7871
1790146179.000 12.7824
1790146181.000 11.0363
1790146183.000 11.1589
1790146185.000 10.3450
1790146187.000 11.6701
1790146189.000 9.6254
1790146191.000 11.7082
1790146193.000 13.4797
1790146195.000 12.2943
1790146197.000 12.5120
1790146200.000 14.5699
1790146202.000 11.6117
1790146204.000 9.7949
1790146206.000 11.7024
1790146208.000 13.9923
1790146210.000 10.9246
1790146212.000 11.5687
1790146214.000 12.0543
1790146216.000 12.8665
1790146218.000 12.7205
1790146220.000 13.9811
1790146222.000 13.2112
1790146224.000 11.0873
1790146226.000 13.4697
1790146228.000 13.7027
1790146230.000 12.0828
1790146233.000 12.4274
1790146235.000 11.5101
1790146237.000 11.1948
1790146239.000 10.7634
1790146241.000 13.5116
1790146243.000 11.2632
1790146245.000 13.5639
1790146247.000 13.0382
1790146249.000 7.6527
1790146251.000 5.2910
1790146253.000 11.0410
1790146255.000 7.6217
1790146257.000 5.8876
1790146259.000 13.0943
1790146261.000 11.4972
1790146263.000 10.8000
1790146265.000 9.9372
1790146267.000 12.9323
1790146269.000 11.2899
1790146272.000 13.9749
1790146274.000 12.2132
1790146276.000 12.5498
1790146278.000 11.7032
1790146280.000 10.4929
1790146282.000 10.6098
1790146284.000 12.1782
1790146286.000 12.4774
1790146288.000 13.3117
1790146290.000 10.0696
1790146292.000 11.7333
1790146294.000 13.3677
1790146296.000 11.2281
1790146298.000 12.4741
1790146300.000 12.6505
1790146302.000 11.0486
1790146304.000 12.5714
1790146306.000 12.4056
1790146308.000 10.2583
1790146310.000 13.1574
1790146313.000 14.0312
1790146315.000 13.2617
1790146317.000 11.1079
1790146319.000 11.9218
1790146321.000 10.2071
1790146323.000 12.1118
1790146325.000 10.3074
1790146327.000 11.3846
1790146329.000 12.8503
1790146331.000 13.9235
1790146333.000 6.4130
1790146335.000 7.6763
1790146337.000 9.7016
1790146339.000 11.2173
1790146341.000 7.0054
1790146343.000 12.9465
1790146345.000 15.5071
1790146347.000 11.1952
1790146349.000 13.4128
1790146352.000 13.0425
1790146354.000 12.8762
1790146356.000 11.6543
1790146358.000 12.4559
1790146360.000 10.1191
1790146362.000 16.1173
1790146364.000 12.3080
1790146366.000 11.8809
1790146368.000 12.3006
1790146370.000 11.7874
1790146372.000 12.5961
1790146374.000 12.6024
1790146376.000 12.9457
1790146378.000 14.0134
1790146380.000 11.9624
1790146382.000 11.0769
1790146384.000 13.4713
1790146386.000 10.1045
1790146389.000 13.3043
1790146391.000 14.1035
1790146393.000 13.0570
1790146395.000 13.0419
1790146397.000 11.2719
1790146399.000 10.9291
1790146401.000 11.5730
1790146403.000 11.9280
1790146405.000 11.8691
1790146407.000 13.7471
1790146409.000 11.1332
1790146411.000 13.2315
1790146413.000 10.6372
1790146415.000 12.9584
1790146417.000 11.5100
1790146419.000 5.3303
1790146421.000 9.8907
1790146423.000 7.9335
1790146425.000 5.6683
1790146427.000 8.9001
1790146429.000 9.1352
1790146431.000 11.5663
1790146433.000 8.8774
1790146436.000 9.4149
1790146438.000 7.0164
1790146440.000 8.2642
1790146442.000 7.1423
1790146444.000 8.3425
1790146446.000 8.7562
1790146448.000 8.6378
1790146450.000 7.9793
1790146452.000 7.5059
1790146454.000 7.7538
1790146456.000 10.3273
1790146458.000 8.4711
1790146460.000 10.5315
1790146462.000 9.0749
1790146464.000 8.8686
1790146466.000 8.8464
1790146468.000 7.4836
1790146470.000 7.9616
1790146472.000 6.8411
1790146474.000 9.6575
1790146476.000 6.3523
1790146478.000 7.3393
1790146480.000 7.8194
1790146482.000 7.8619
1790146484.000 6.9841
1790146486.000 8.3753
1790146488.000 9.8041
1790146490.000 7.1286
1790146492.000 6.4554
1790146494.000 7.4332
1790146496.000 8.3171
1790146498.000 7.5129
1790146500.000 10.6899
1790146502.000 8.5526
1790146505.000 8.9084
1790146507.000 8.7032
1790146509.000 9.5414
1790146511.000 6.1754
1790146513.000 14.2215
1790146515.000 18.0208
1790146517.000 11.5576
1790146519.000 11.8897
1790146521.000 11.0102
1790146523.000 11.9260
1790146525.000 15.5941
1790146527.000 15.7946
1790146529.000 10.1993
1790146531.000 11.0833
1790146533.000 13.2953
1790146535.000 10.9825
1790146537.000 11.2768
1790146540.000 15.0630
1790146542.000 13.9326
1790146544.000 13.9307
1790146546.000 20.8773
1790146548.000 13.4375
1790146550.000 13.4459
1790146552.000 14.9737
1790146554.000 13.7603
1790146556.000 12.3719
1790146558.000 12.6864
1790146560.000 14.2976
1790146562.000 11.4368
1790146564.000 12.0991
1790146566.000 15.6800
1790146568.000 12.5998
1790146571.000 15.0474
1790146573.000 10.9412
1790146575.000 13.1571
1790146577.000 13.6358
1790146579.000 16.1137
1790146581.000 18.2695
1790146583.000 12.3372
1790146585.000 12.2497
1790146587.000 13.5288
1790146589.000 7.3714
1790146591.000 5.5244
1790146593.000 9.3314
1790146595.000 8.3508
1790146597.000 9.3814
1790146599.000 10.5420
1790146601.000 9.6876
1790146603.000 8.5722
1790146605.000 8.5016
1790146607.000 9.5541
1790146610.000 14.4319
1790146612.000 10.0382
1790146614.000 7.2888
1790146616.000 9.8982
1790146618.000 8.9379
1790146620.000 7.6189
1790146622.000 11.4853
1790146624.000 10.9383
1790146626.000 8.9366
1790146628.000 13.2582
1790146630.000 9.3577
1790146632.000 7.7663
1790146634.000 8.5680
1790146636.000 12.6862
1790146638.000 9.2174
1790146640.000 9.7859
1790146642.000 8.1476
1790146644.000 9.9700
1790146646.000 10.0726
1790146648.000 8.7113
1790146650.000 6.6244
1790146652.000 9.9720
1790146654.000 7.4927
1790146656.000 8.7285
1790146658.000 5.8704
1790146660.000 8.0139
1790146662.000 5.7151
1790146664.000 5.9749
1790146666.000 7.9413
1790146669.000 7.1823
1790146671.000 7.9666
1790146673.000 6.1007
1790146675.000 5.4009
1790146677.000 5.7675
1790146679.000 6.1400
1790146681.000 6.9010
1790146683.000 9.3445
1790146685.000 11.2740
1790146687.000 8.4883
1790146689.000 9.6312
1790146691.000 7.7896
1790146693.000 8.3294
1790146695.000 14.2201
1790146697.000 10.1751
1790146699.000 15.5384
1790146701.000 8.5491
1790146703.000 18.1552
1790146705.000 8.5589
1790146707.000 11.3839
1790146709.000 8.1143
1790146711.000 8.6738
1790146713.000 9.5197
1790146715.000 13.7035
1790146717.000 9.5008
1790146719.000 13.9380
1790146722.000 9.0603
1790146724.000 13.1266
1790146726.000 11.7777
1790146728.000 8.4086
1790146730.000 7.9202
1790146732.000 8.0944
1790146734.000 8.6634
1790146736.000 7.3501
1790146738.000 11.0333
1790146740.000 8.2699
1790146742.000 8.9727
1790146744.000 9.2405
1790146746.000 7.5706
1790146748.000 9.2074
1790146750.000 6.7664
1790146752.000 6.5341
1790146754.000 8.3796
1790146756.000 7.7644
1790146758.000 10.3621
1790146760.000 9.9732
1790146762.000 12.2429
1790146764.000 12.0293
1790146766.000 5.6880
1790146768.000 9.1545
1790146770.000 11.7994
1790146772.000 11.2971
1790146775.000 12.1319
1790146777.000 11.7976
1790146779.000 12.1128
1790146781.000 11.4450
1790146783.000 11.9856
1790146785.000 11.1605
1790146787.000 14.5815
1790146789.000 11.5004
1790146791.000 12.2850
1790146793.000 12.0311
1790146795.000 12.7335
1790146797.000 11.4051
1790146799.000 12.3315
1790146801.000 12.0595
1790146803.000 13.0435
1790146805.000 8.8487
1790146807.000 13.3224
1790146809.000 12.6804
1790146811.000 9.8525
1790146813.000 13.3562
1790146816.000 13.2762
1790146818.000 10.5948
1790146820.000 15.4798
1790146822.000 12.9270
1790146824.000 14.9087
1790146826.000 13.3652
1790146828.000 13.5762
1790146830.000 12.1782
1790146832.000 11.5006
1790146834.000 13.3318
1790146836.000 11.3832
1790146838.000 9.1722
1790146840.000 12.2999
1790146842.000 12.0710
1790146844.000 12.3564
1790146846.000 11.5639
1790146848.000 5.3913
1790146851.000 5.7548
1790146853.000 5.8094
1790146855.000 8.1281
1790146857.000 7.6537
1790146859.000 10.6420
1790146861.000 10.2605
1790146863.000 9.3040
1790146865.000 9.7856
1790146867.000 11.6075
1790146869.000 9.6325
1790146871.000 9.8486
1790146873.000 8.2964
1790146875.000 9.5021
1790146877.000 9.9157
1790146879.000 9.1100
1790146881.000 8.7232
1790146883.000 10.6529
1790146885.000 9.4920
1790146887.000 9.1967
1790146889.000 9.2070
1790146891.000 9.1870
1790146893.000 10.2148
1790146895.000 9.7512
1790146897.000 8.6987
1790146899.000 8.8061
1790146901.000 8.6688
1790146903.000 10.1759
1790146905.000 9.7203
1790146907.000 10.5716
1790146909.000 11.5107
1790146911.000 9.9196
1790146914.000 10.8026
1790146916.000 12.0428
1790146918.000 10.9099
1790146920.000 9.0803
1790146922.000 9.6476
1790146924.000 9.9532
1790146926.000 10.5459
1790146928.000 11.5898
1790146930.000 10.1723
1790146932.000 9.9838
1790146934.000 5.4681
1790146936.000 8.4907
1790146938.000 8.2991
1790146940.000 11.3626
1790146942.000 12.4563
1790146944.000 6.0310
1790146946.000 5.9139
1790146948.000 11.2552
1790146950.000 12.0163
1790146952.000 11.9909
1790146954.000 13.5215
1790146956.000 12.7444
1790146958.000 14.1566
1790146961.000 16.2071
1790146963.000 16.5378
1790146965.000 10.6469
1790146967.000 13.2155
1790146969.000 12.1848
1790146971.000 10.9451
1790146973.000 13.0281
1790146975.000 12.6315
1790146977.000 9.8205
1790146979.000 13.8742
1790146981.000 12.0520
1790146983.000 10.3580
1790146985.000 11.0220
1790146987.000 13.1308
1790146989.000 15.1340
1790146991.000 10.8641
1790146993.000 11.4084
1790146995.000 13.9668
1790146997.000 11.9265
1790147000.000 11.7080
1790147002.000 11.9672
1790147004.000 13.3424
1790147006.000 11.6410
1790147008.000 15.1344
1790147010.000 12.2562
1790147012.000 13.1521
1790147014.000 13.1725
1790147016.000 12.8270
1790147018.000 11.9101
1790147020.000 13.5180
1790147022.000 7.9940
1790147024.000 8.6970
1790147026.000 8.4991
1790147028.000 10.2969
1790147030.000 5.6346
1790147032.000 14.0329
1790147034.000 12.2438
1790147037.000 11.3503
1790147039.000 13.0690
1790147041.000 12.1287
1790147043.000 12.8901
1790147045.000 10.4602
1790147047.000 15.0842
1790147049.000 10.7332
1790147051.000 13.9661
1790147053.000 11.8375
1790147055.000 11.7005
1790147057.000 12.9088
1790147059.000 11.0280
1790147061.000 12.9890
1790147063.000 8.7574
1790147065.000 12.0549
1790147067.000 13.0723
1790147069.000 12.2830
1790147071.000 12.7952
1790147073.000 13.0867
1790147075.000 11.8084
1790147078.000 12.2770
1790147080.000 12.0229
1790147082.000 11.6647
1790147084.000 12.5138
1790147086.000 13.6402
1790147088.000 10.2911
1790147090.000 10.1639
1790147092.000 12.3617
1790147094.000 14.3470
1790147096.000 10.1605
1790147098.000 12.6907
1790147100.000 11.4974
1790147102.000 10.0102
1790147104.000 12.5405
1790147106.000 8.0976
1790147109.000 7.3142
1790147111.000 9.0916
1790147113.000 8.3319
1790147115.000 9.0640
1790147117.000 6.7027
1790147119.000 7.2714
1790147121.000 9.7909
1790147123.000 14.3305
1790147125.000 11.9729
1790147127.000 11.5095
1790147129.000 9.5639
1790147131.000 10.5477
1790147133.000 12.6766
1790147135.000 10.6709
1790147137.000 11.5146
1790147139.000 10.0916
1790147142.000 12.4725
1790147144.000 10.3548
1790147146.000 10.8497
1790147148.000 12.3893
1790147150.000 10.9280
1790147152.000 16.1838
1790147154.000 12.7610
1790147156.000 10.0641
1790147158.000 11.7818
1790147160.000 10.9185
1790147162.000 11.4557
1790147164.000 11.6651
1790147166.000 11.8231
1790147168.000 13.6202
1790147170.000 12.0705
1790147172.000 11.1256
1790147174.000 10.7921
1790147176.000 10.6392
1790147178.000 10.1064
1790147180.000 11.3835
1790147182.000 9.6381
1790147184.000 9.3851
1790147187.000 10.8554
1790147189.000 11.4462
1790147191.000 12.6863
1790147193.000 10.2901
1790147195.000 12.3449
1790147197.000 8.5780
1790147199.000 7.7991
1790147201.000 6.3912
1790147203.000 8.8521
1790147205.000 9.7385
1790147207.000 8.2222
1790147209.000 10.1282
1790147211.000 8.4764
1790147213.000 7.9376
1790147215.000 7.8327
1790147217.000 7.8677
1790147219.000 9.0085
1790147221.000 10.3778
1790147223.000 7.3700
1790147225.000 7.5502
1790147227.000 8.3987
1790147229.000 8.9543
1790147231.000 7.4434
1790147233.000 7.9156
1790147235.000 8.4476
1790147237.000 7.8214
1790147239.000 9.2094
1790147241.000 8.4612
1790147244.000 8.3067
1790147246.000 10.1879
1790147248.000 8.6987
1790147250.000 8.0821
1790147252.000 8.6727
1790147254.000 11.5298
1790147256.000 8.5054
1790147258.000 8.9801
1790147260.000 8.3194
1790147262.000 6.6024
1790147264.000 8.2055
1790147266.000 8.8102
1790147268.000 7.1020
1790147270.000 7.8183
1790147272.000 7.5172
1790147274.000 6.2110
1790147276.000 7.6741
1790147278.000 7.1793
1790147280.000 8.2686
1790147282.000 5.5073
1790147284.000 8.6092
1790147286.000 7.1774
1790147288.000 6.3029
1790147290.000 12.7119
1790147292.000 9.5213
1790147294.000 9.0005
1790147296.000 9.9147
1790147298.000 9.2881
1790147300.000 8.3487
1790147302.000 9.7449
1790147304.000 8.7485
1790147306.000 9.6492
1790147309.000 8.7200
1790147311.000 9.9265
1790147313.000 9.4507
1790147315.000 9.4507
1790147317.000 9.9360
1790147319.000 7.9743
1790147321.000 9.5411
1790147323.000 9.3653
1790147325.000 8.8179
1790147327.000 9.7339
1790147329.000 8.2861
1790147331.000 9.4195
1790147333.000 8.6531
1790147335.000 11.2466
1790147337.000 8.5584
1790147339.000 10.0844
1790147341.000 9.1043
1790147343.000 10.8381
1790147345.000 10.6636
1790147347.000 10.1118
1790147349.000 9.9459
1790147351.000 7.4280
1790147353.000 9.2759
1790147355.000 10.0427
1790147357.000 10.6988
1790147359.000 9.1176
1790147361.000 10.8839
1790147363.000 9.3694
1790147365.000 5.2399
1790147367.000 8.3553
1790147370.000 6.5778
1790147372.000 10.6160
1790147374.000 11.6554
1790147376.000 9.7617
1790147378.000 11.9972
1790147380.000 12.4356
1790147382.000 11.7567
1790147384.000 11.0513
1790147386.000 9.1305
1790147388.000 10.6997
1790147390.000 11.0580
1790147392.000 11.4634
1790147394.000 9.7765
1790147396.000 9.5095
1790147398.000 9.9449
1790147400.000 9.7266
1790147402.000 11.4700
1790147404.000 11.5501
1790147406.000 9.9975
1790147408.000 9.7485
1790147410.000 10.4554
1790147412.000 9.9048
1790147414.000 9.2979
1790147416.000 9.8809
1790147418.000 10.0337
1790147421.000 10.2399
1790147423.000 9.2754
1790147425.000 11.5357
1790147427.000 10.7695
1790147429.000 9.7563
1790147431.000 12.7129
1790147433.000 12.0568
1790147435.000 9.3547
1790147437.000 13.1613
1790147439.000 10.3523
1790147441.000 10.5964
1790147443.000 9.6053
1790147445.000 10.3333
1790147447.000 11.0985
1790147449.000 10.1416
1790147451.000 5.3377
1790147453.000 9.6826
1790147455.000 7.5359
1790147457.000 6.9514
1790147459.000 11.1887
1790147461.000 11.2683
1790147463.000 8.8804
1790147465.000 10.1111
1790147467.000 9.9166
1790147469.000 9.6095
1790147472.000 9.5501
1790147474.000 9.5506
1790147476.000 10.3694
1790147478.000 11.7943
1790147480.000 8.8576
1790147482.000 11.0389
1790147484.000 10.1713
1790147486.000 9.0979
1790147488.000 10.4766
1790147490.000 10.9434
1790147492.000 8.6340
1790147494.000 9.8581
1790147496.000 11.8784
1790147498.000 8.6780
1790147500.000 11.1956
1790147502.000 11.1563
1790147504.000 8.1454
1790147506.000 10.1674
1790147508.000 9.4958
1790147510.000 10.0646
1790147512.000 12.5794
1790147514.000 8.6583
1790147516.000 11.2812
1790147518.000 11.6456
1790147520.000 9.6695
1790147522.000 13.2957
1790147524.000 8.8237
1790147526.000 9.3224
1790147529.000 10.0579
1790147531.000 9.2601
1790147533.000 5.4230
1790147535.000 8.3345
1790147537.000 5.2541
1790147539.000 5.7923
1790147541.000 7.5136
1790147543.000 6.1381
1790147545.000 12.5088
1790147547.000 11.2836
1790147549.000 8.6358
1790147551.000 8.4746
1790147553.000 10.4042
1790147555.000 10.5931
1790147557.000 9.2730
1790147559.000 9.2594
1790147561.000 9.2883
1790147563.000 9.7685
1790147565.000 9.4204
1790147567.000 8.8715
1790147569.000 10.4307
1790147571.000 10.9283
1790147573.000 11.3441
1790147575.000 11.9489
1790147577.000 9.7388
1790147579.000 11.6864
1790147581.000 11.6708
1790147583.000 7.5093
1790147586.000 11.0830
1790147588.000 8.8465
1790147590.000 9.7798
1790147592.000 11.2708
1790147594.000 9.9459
1790147596.000 9.8066
1790147598.000 10.0447
1790147600.000 10.1758
1790147602.000 8.6143
1790147604.000 12.2431
1790147606.000 9.7921
1790147608.000 9.8524
1790147610.000 10.3414
1790147612.000 9.5976
1790147614.000 11.8358
1790147616.000 10.3604
1790147618.000 11.6102
1790147620.000 5.1228
1790147622.000 5.5896
1790147624.000 9.4054
1790147626.000 7.2798
1790147628.000 10.9376
1790147630.000 8.1376
1790147632.000 11.5849
1790147634.000 10.3087
1790147637.000 11.6019
1790147639.000 9.3331
1790147641.000 10.4806
1790147643.000 11.3767
1790147645.000 9.7764
1790147647.000 11.6733
1790147649.000 12.6797
1790147651.000 8.9830
1790147653.000 10.4135
1790147655.000 11.9646
1790147657.000 9.1604
1790147659.000 10.1954
1790147661.000 10.2567
1790147663.000 10.7049
1790147665.000 11.0092
1790147667.000 10.7026
1790147669.000 12.1807
1790147671.000 11.3466
1790147673.000 11.1848
1790147675.000 9.7112
1790147677.000 11.4847
1790147679.000 10.2013
1790147681.000 11.1320
1790147683.000 9.9739
1790147686.000 12.6521
1790147688.000 11.8955
1790147690.000 10.7391
1790147692.000 10.6891
1790147694.000 10.1710
1790147696.000 8.3623
1790147698.000 11.4409
1790147700.000 9.6315
1790147702.000 9.4183
1790147704.000 8.2461
1790147706.000 7.4968
1790147708.000 9.6917
1790147710.000 7.0654
1790147712.000 9.8073
1790147714.000 9.3129
1790147716.000 9.8336
1790147718.000 9.6503
1790147720.000 11.0964
1790147722.000 9.0094
1790147724.000 9.2521
1790147726.000 9.6765
1790147728.000 9.8207
1790147730.000 8.8964
1790147732.000 9.9743
1790147734.000 9.8747
1790147736.000 10.7388
1790147738.000 10.0506
1790147740.000 10.4229
1790147743.000 9.7398
1790147745.000 9.7080
1790147747.000 10.8314
1790147749.000 9.7691
1790147751.000 8.8771
1790147753.000 9.1182
1790147755.000 8.8860
1790147757.000 9.4833
1790147759.000 9.6168
1790147761.000 8.5209
1790147763.000 11.6305
1790147765.000 10.1186
1790147767.000 10.2143
1790147769.000 8.1168
1790147771.000 10.3136
1790147773.000 11.1210
1790147775.000 8.7373
1790147777.000 12.9754
1790147779.000 11.0257
1790147781.000 10.1309
1790147783.000 11.8267
1790147785.000 11.3552
1790147787.000 5.7119
1790147789.000 8.5228
1790147791.000 8.7864
1790147793.000 8.5065
1790147795.000 5.6705
1790147798.000 12.0940
1790147800.000 9.7287
1790147802.000 10.9768
1790147804.000 8.4069
1790147806.000 12.2673
1790147808.000 11.0501
1790147810.000 10.3464
1790147812.000 10.6175
1790147814.000 10.3329
1790147816.000 9.9977
1790147818.000 10.2753
1790147820.000 11.1215
1790147822.000 11.3504
1790147824.000 11.2900
1790147826.000 9.8909
1790147828.000 12.4100
1790147830.000 9.6137
1790147832.000 11.8743
1790147834.000 11.5675
1790147836.000 14.9873
1790147838.000 11.8928
1790147840.000 10.1604
1790147842.000 10.7723
1790147844.000 9.8942
1790147846.000 10.3006
1790147849.000 12.4477
1790147851.000 11.5695
1790147853.000 10.9651
1790147855.000 9.0827
1790147857.000 10.8029
1790147859.000 10.9878
1790147861.000 10.4062
1790147863.000 11.3615
1790147865.000 12.9515
1790147867.000 11.7396
1790147869.000 12.2878
1790147871.000 10.9170
1790147873.000 9.2034
1790147875.000 5.8033
1790147877.000 8.1824
1790147879.000 7.9623
1790147881.000 5.4054
1790147883.000 11.6829
1790147885.000 10.6690
1790147887.000 10.3065
1790147889.000 12.0005
1790147891.000 10.8948
1790147893.000 11.7530
1790147895.000 9.4678
1790147897.000 12.0911
1790147900.000 13.0004
1790147902.000 12.7146
1790147904.000 11.5821
1790147906.000 10.3757
1790147908.000 9.2028
1790147910.000 10.9720
1790147912.000 11.2412
1790147914.000 11.9336
1790147916.000 9.0868
1790147918.000 11.8718
1790147920.000 9.7092
1790147922.000 10.0752
1790147924.000 11.0690
1790147926.000 9.5500
1790147928.000 11.0125
1790147930.000 9.2839
1790147932.000 10.6406
1790147934.000 11.3310
1790147936.000 11.8918
1790147938.000 11.3815
1790147940.000 9.3877
1790147942.000 9.2785
1790147944.000 11.8952
1790147947.000 11.1990
1790147949.000 11.9396
1790147951.000 12.0584
1790147953.000 11.9267
1790147955.000 11.3547
1790147957.000 11.1455
1790147959.000 8.6942
1790147961.000 7.9544
1790147963.000 7.2269
1790147965.000 8.2710
1790147967.000 5.9804
1790147969.000 11.4806
1790147971.000 11.2856
1790147973.000 9.6812
1790147975.000 9.9847
1790147977.000 9.7602
1790147979.000 8.4007
1790147981.000 11.8744
1790147983.000 10.3943
1790147985.000 10.6289
1790147987.000 10.5840
1790147989.000 9.4846
1790147991.000 8.7535
1790147993.000 11.4131
1790147995.000 10.2992
1790147997.000 10.2709
1790148000.000 11.6113
1790148002.000 11.2940
1790148004.000 9.7301
1790148006.000 11.4620
1790148008.000 9.5085
1790148010.000 10.4288
1790148012.000 11.8187
1790148014.000 12.0024
1790148016.000 10.1708
1790148018.000 10.3490
1790148020.000 11.0826
1790148022.000 13.5186
1790148024.000 10.6723
1790148026.000 11.6392
1790148028.000 9.1956
1790148030.000 8.6833
1790148032.000 11.3839
1790148034.000 9.0212
1790148036.000 8.6671
1790148038.000 9.6869
1790148040.000 9.4227
1790148042.000 5.6377
1790148044.000 7.1580
1790148046.000 5.1660
1790148048.000 5.6281
1790148050.000 9.8690
1790148052.000 9.8464
1790148055.000 8.2527
1790148057.000 9.8435
1790148059.000 9.9432
1790148061.000 11.3868
1790148063.000 9.6434
1790148065.000 10.3392
1790148067.000 10.4243
1790148069.000 11.1152
1790148071.000 12.2598
1790148073.000 9.9275
1790148075.000 10.7641
1790148077.000 11.1966
1790148079.000 10.8441
1790148081.000 10.6565
1790148083.000 9.0482
1790148085.000 10.2505
1790148087.000 12.2979
1790148089.000 9.0600
1790148091.000 11.0102
1790148093.000 11.1793
1790148095.000 12.1385
1790148097.000 10.7859
1790148099.000 10.4639
1790148101.000 9.4938
1790148103.000 11.5637
1790148105.000 9.4764
1790148108.000 12.8419
1790148110.000 9.8811
1790148112.000 10.0727
1790148114.000 10.4940
1790148116.000 11.3340
1790148118.000 12.1169
1790148120.000 11.2234
1790148122.000 11.4969
1790148124.000 12.2913
1790148126.000 11.6778
1790148128.000 13.6562
1790148130.000 11.2879
1790148132.000 5.1488
1790148134.000 9.8059
1790148136.000 8.2073
1790148138.000 6.7561
1790148140.000 11.6921
1790148142.000 10.4695
1790148144.000 11.3288
1790148146.000 10.6720
1790148148.000 11.6175
1790148150.000 11.2347
1790148152.000 10.0571
1790148155.000 11.1352
1790148157.000 10.3511
1790148159.000 9.9625
1790148161.000 9.9555
1790148163.000 8.2594
1790148165.000 10.2612
1790148167.000 9.5736
1790148169.000 12.5190
1790148171.000 10.5292
1790148173.000 8.3656
1790148175.000 11.2771
1790148177.000 12.0925
1790148179.000 9.8460
1790148181.000 9.6280
1790148183.000 11.2564
1790148185.000 10.2095
1790148187.000 11.7980
1790148189.000 10.5449
1790148191.000 12.5419
1790148193.000 11.5893
1790148195.000 9.9818
1790148197.000 9.6418
1790148199.000 11.3386
1790148201.000 10.0824
1790148203.000 9.9479
1790148206.000 10.6992
1790148208.000 11.8868
1790148210.000 10.4853
1790148212.000 10.6649
1790148214.000 10.2444
1790148216.000 9.6313
1790148218.000 8.5833
1790148220.000 8.8959
1790148222.000 7.0724
1790148224.000 10.0197
1790148226.000 10.1409
1790148228.000 8.2236
1790148230.000 8.7290
1790148232.000 8.1628
1790148234.000 7.7588
1790148236.000 8.3653
1790148238.000 9.6034
1790148240.000 8.7210
1790148242.000 8.7167
1790148244.000 8.4913
1790148246.000 8.6732
1790148248.000 10.6697
1790148250.000 9.5949
1790148252.000 8.2021
1790148254.000 9.7691
1790148256.000 9.4811
1790148258.000 8.9125
1790148260.000 8.2027
1790148262.000 9.8094
1790148265.000 9.0045
1790148267.000 7.7432
1790148269.000 9.7120
1790148271.000 8.8044
1790148273.000 7.8797
1790148275.000 9.3565
1790148277.000 10.5048
1790148279.000 8.6290
1790148281.000 10.0202
1790148283.000 9.8137
1790148285.000 9.5642
1790148287.000 8.2677
1790148289.000 7.8235
1790148291.000 8.2950
1790148293.000 9.2440
1790148295.000 10.0670
1790148297.000 8.4621
1790148299.000 9.3294
1790148301.000 9.5589
1790148303.000 8.8210
1790148305.000 9.1946
1790148307.000 10.4020
1790148309.000 8.4116
1790148311.000 8.2621
1790148313.000 8.9890
1790148315.000 9.7600
1790148317.000 8.2152
1790148319.000 7.7657
1790148321.000 10.7391
1790148323.000 8.5627
1790148325.000 8.8493
1790148327.000 9.3422
1790148330.000 9.2030
1790148332.000 9.1264
1790148334.000 9.5410
1790148336.000 8.0235
1790148338.000 8.0530
1790148340.000 10.0718
1790148342.000 8.3351
1790148344.000 9.1882
1790148346.000 9.3280
1790148348.000 9.9046
1790148350.000 8.6711
1790148352.000 10.2662
1790148354.000 9.6706
1790148356.000 7.9702
1790148358.000 10.5739
1790148360.000 10.9678
1790148362.000 10.1720
1790148364.000 8.8802
1790148366.000 9.9359
1790148368.000 9.6698
1790148370.000 8.5130
1790148372.000 8.7972
1790148374.000 10.0450
1790148376.000 8.8410
1790148378.000 10.5303
1790148380.000 8.6551
1790148382.000 8.9264
1790148384.000 10.0104
1790148386.000 9.3886
1790148388.000 9.0893
1790148390.000 5.4307
1790148393.000 8.1012
1790148395.000 6.7623
1790148397.000 6.2629
1790148399.000 13.1755
1790148401.000 10.4515
1790148403.000 16.9045
1790148405.000 12.8527
1790148407.000 11.9618
1790148409.000 12.2084
1790148411.000 10.9703
1790148413.000 10.9043
1790148415.000 10.4700
1790148417.000 10.8472
1790148419.000 10.1592
1790148421.000 10.2093
1790148423.000 10.8728
1790148425.000 12.6429
1790148427.000 9.8251
1790148429.000 9.5243
1790148431.000 10.6917
1790148433.000 9.4934
1790148435.000 9.8120
1790148437.000 10.3297
1790148439.000 10.5463
1790148442.000 10.4046
1790148444.000 12.1681
1790148446.000 12.7375
1790148448.000 11.6290
1790148450.000 9.9698
1790148452.000 11.6717
1790148454.000 11.7629
1790148456.000 9.7631
1790148458.000 9.8592
1790148460.000 11.5834
1790148462.000 9.9458
1790148464.000 10.6508
1790148466.000 9.8930
1790148468.000 9.7874
1790148470.000 9.8681
1790148472.000 10.2623
1790148474.000 7.6517
1790148482.000 6.6205
1790148484.000 9.3291
1790148486.000 8.3471
1790148488.000 9.6289
1790148490.000 8.7059
1790148492.000 6.2482
1790148494.000 10.0770
1790148496.000 9.9090
1790148498.000 10.3737
1790148501.000 12.1874
1790148503.000 11.4061
1790148505.000 13.9301
1790148507.000 13.8803
1790148509.000 11.2526
1790148511.000 9.1201
1790148513.000 10.2956
1790148515.000 11.4542
1790148517.000 10.0659
1790148519.000 13.3657
1790148521.000 10.3384
1790148523.000 11.4493
1790148525.000 11.8653
1790148527.000 11.5529
1790148529.000 11.6453
1790148531.000 11.6895
1790148533.000 10.0415
1790148535.000 10.5716
1790148537.000 11.3977
1790148539.000 11.3507
1790148541.000 9.4648
1790148543.000 9.3552
1790148545.000 14.3993
1790148548.000 10.8028
1790148550.000 11.5748
1790148552.000 12.5214
1790148554.000 11.3836
1790148556.000 11.4336
1790148558.000 11.9501
1790148560.000 12.5063
1790148562.000 9.1836
1790148564.000 11.2484
1790148566.000 11.0787
1790148568.000 10.1342
1790148570.000 7.9568
1790148572.000 9.2975
1790148574.000 9.8144
1790148576.000 5.3776
1790148578.000 5.9343
1790148580.000 13.1389
1790148582.000 10.9071
1790148584.000 11.5226
1790148586.000 11.7796
1790148588.000 9.6843
1790148590.000 10.2861
1790148592.000 10.8465
1790148595.000 12.2108
1790148597.000 9.5719
1790148599.000 11.5879
1790148601.000 9.7258
1790148603.000 11.4002
1790148605.000 11.4778
1790148607.000 12.1984
1790148609.000 11.7239
1790148611.000 9.3502
1790148613.000 10.7858
1790148615.000 11.2534
1790148617.000 10.5661
1790148619.000 11.5192
1790148621.000 10.8254
1790148623.000 12.1630
1790148625.000 10.2088
1790148627.000 12.6532
1790148629.000 11.6842
1790148631.000 11.3452
1790148633.000 11.3432
1790148635.000 10.7285
1790148637.000 10.2069
1790148639.000 12.9649
1790148641.000 10.1493
1790148644.000 12.3327
1790148646.000 9.6009
1790148648.000 11.3906
1790148650.000 9.7503
1790148652.000 9.8692
1790148654.000 10.3484
1790148656.000 7.3655
1790148658.000 6.5529
1790148660.000 9.2235
1790148662.000 6.3741
1790148664.000 10.8186
1790148666.000 10.9901
1790148668.000 12.5781
1790148670.000 11.6786
1790148672.000 10.1307
1790148674.000 9.4509
1790148676.000 9.8309
1790148678.000 12.2980
1790148680.000 11.7540
1790148682.000 11.3714
1790148684.000 11.4717
1790148686.000 12.3908
1790148688.000 10.5626
1790148690.000 10.3118
1790148692.000 9.9950
1790148695.000 13.5915
1790148697.000 9.1551
1790148699.000 10.5743
1790148701.000 10.1653
1790148703.000 10.3265
1790148705.000 10.2190
1790148707.000 10.7758
1790148709.000 13.0228
1790148711.000 12.1920
1790148713.000 11.5167
1790148715.000 10.9684
1790148717.000 9.8722
1790148719.000 10.2453
1790148721.000 9.8258
1790148723.000 11.1297
1790148725.000 11.1311
1790148727.000 12.6118
1790148729.000 11.7821
1790148731.000 11.6856
1790148733.000 12.2049
1790148735.000 10.5250
1790148737.000 10.4936
1790148739.000 7.9238
1790148741.000 8.7684
1790148744.000 8.2479
1790148746.000 6.4789
1790148748.000 7.1117
1790148750.000 9.1355
1790148752.000 10.1627
1790148754.000 11.8802
1790148756.000 8.3275
1790148758.000 10.0837
1790148760.000 10.6960
1790148762.000 8.9603
1790148764.000 8.7822
1790148766.000 8.5190
1790148768.000 10.8511
1790148770.000 9.9060
1790148772.000 7.0085
1790148774.000 12.2080
1790148776.000 8.6712
1790148778.000 10.8404
1790148780.000 8.4601
1790148784.000 8.5293
1790148786.000 8.3214
1790148788.000 8.9088
1790148790.000 7.5861
1790148792.000 6.5212
1790148794.000 5.6467
1790148796.000 12.3261
1790148798.000 11.7524
1790148800.000 8.2477
1790148802.000 11.3589
1790148804.000 9.7887
1790148806.000 10.2323
1790148808.000 11.6787
1790148810.000 10.2429
1790148812.000 11.1710
1790148814.000 9.8513
1790148816.000 9.3219
1790148818.000 11.3470
1790148820.000 9.8838
1790148822.000 9.2350
1790148825.000 12.0058
1790148827.000 9.8491
1790148829.000 10.8529
1790148831.000 9.8503
1790148833.000 10.1852
1790148835.000 10.6174
1790148837.000 9.0755
1790148839.000 9.8896
1790148841.000 12.2951
1790148843.000 9.6314
1790148845.000 10.2648
1790148847.000 10.4165
1790148849.000 11.5988
1790148851.000 10.8939
1790148853.000 11.0869
1790148855.000 11.4750
1790148857.000 8.6767
1790148859.000 11.1963
1790148861.000 10.4582
1790148863.000 10.2946
1790148865.000 12.0760
1790148867.000 11.2308
1790148869.000 12.6602
1790148871.000 5.5599
1790148874.000 8.1431
1790148876.000 6.7476
1790148878.000 6.8070
1790148880.000 11.6602
1790148882.000 10.1783
1790148884.000 11.0323
1790148886.000 10.6610
1790148888.000 11.1085
1790148890.000 10.1381
1790148892.000 11.0922
1790148894.000 9.7870
1790148896.000 9.7780
1790148898.000 10.3903
1790148900.000 10.2816
1790148902.000 10.6609
1790148904.000 10.4664
1790148906.000 8.7126
1790148908.000 10.9149
1790148910.000 9.7568
1790148912.000 10.6421
1790148914.000 12.8009
1790148916.000 9.6160
1790148918.000 10.4727
1790148920.000 11.8232
1790148922.000 10.1686
1790148925.000 12.6987
1790148927.000 11.2038
1790148929.000 10.9051
1790148931.000 11.4526
1790148933.000 9.7540
1790148935.000 11.6381
1790148937.000 11.7418
1790148939.000 10.9834
1790148941.000 9.3445
1790148943.000 11.7341
1790148945.000 10.4190
1790148947.000 10.8081
1790148949.000 9.9946
1790148951.000 11.1236
1790148953.000 11.6122
1790148955.000 8.4465
1790148957.000 8.0302
1790148959.000 8.9393
1790148961.000 6.0758
1790148963.000 15.1875
1790148965.000 12.0217
1790148967.000 10.7480
1790148969.000 11.5849
1790148971.000 9.9385
1790148974.000 10.4383
1790148976.000 9.1603
1790148978.000 11.6825
1790148980.000 9.6617
1790148982.000 9.1145
1790148984.000 11.4181
1790148986.000 10.6412
1790148988.000 11.5792
1790148990.000 10.4237
1790148992.000 10.5443
1790148994.000 9.0067
1790148996.000 10.8699
1790148998.000 10.7907
1790149000.000 10.2380
1790149002.000 9.7434
1790149004.000 10.3281
1790149006.000 10.0561
1790149008.000 12.2554
1790149010.000 11.0955
1790149012.000 11.1369
1790149014.000 11.5898
1790149016.000 11.6201
1790149018.000 11.9603
1790149020.000 14.1441
1790149022.000 11.2823
1790149025.000 9.5426
1790149027.000 10.6532
1790149029.000 11.9931
1790149031.000 10.7865
1790149033.000 12.1358
1790149035.000 10.0181
1790149037.000 11.8318
1790149039.000 13.9529
1790149041.000 7.8036
