1790142820 1224 66 1.34
1790142825 518 66 1.31
1790142830 710 66 1.29
1790142835 1479 66 1.51
1790142840 1479 68 2.67
1790142846 1326 67 2.61
1790142851 1479 67 2.40
1790142856 1428 67 2.45
1790142861 1036 67 2.82
1790142866 1326 67 2.67
1790142871 1132 67 3.02
1790142876 1479 68 2.86
1790142881 1036 68 2.87
1790142886 1479 68 3.20
1790142891 1479 68 3.02
1790142896 1036 68 3.10
1790142901 1224 68 2.85
1790142906 1224 68 2.86
1790142911 1479 69 3.36
1790142916 825 68 3.65
1790142921 1479 69 3.44
1790142926 1479 68 3.32
1790142931 1326 69 3.38
1790142936 1428 69 3.10
1790142941 1479 69 2.94
1790142946 1132 69 2.70
1790142951 1428 69 2.48
1790142956 1132 69 2.29
1790142961 1479 69 2.26
1790142966 710 69 2.16
1790142971 403 69 1.99
1790142976 1479 68 1.91
1790142981 1479 68 1.84
1790142986 403 68 1.77
1790142991 614 69 1.71
1790142996 518 68 1.57
1790143001 307 68 1.52
1790143006 1479 69 1.40
1790143011 614 68 1.37
1790143016 614 68 1.34
1790143021 710 68 1.31
1790143026 403 68 1.29
1790143031 1479 68 1.18
1790143036 204 68 1.25
1790143042 307 68 1.23
1790143047 1479 68 1.21
1790143052 710 68 1.27
1790143057 403 68 1.25
1790143062 1479 69 1.23
1790143067 1479 69 3.46
1790143072 1479 69 3.82
1790143077 1479 69 3.51
1790143082 1479 70 4.35
1790143087 1479 70 4.81
1790143092 1479 70 4.82
1790143097 1479 70 4.76
1790143102 1479 71 5.18
1790143107 1479 71 5.00
1790143112 1479 72 4.76
1790143117 1479 72 5.26
1790143122 518 71 5.24
1790143127 403 70 4.82
1790143132 307 70 4.51
1790143137 614 70 4.15
1790143142 518 70 3.82
1790143147 518 70 3.59
1790143152 1479 70 3.55
1790143157 1479 71 3.50
1790143162 1479 71 3.30
1790143168 1479 71 4.96
1790143173 1479 71 6.16
1790143178 1479 72 6.31
1790143183 1479 72 6.29
1790143188 1479 72 6.34
1790143193 1479 72 6.24
1790143198 1479 72 6.22
1790143203 1479 72 6.20
1790143208 1479 73 6.10
1790143213 1479 72 6.25
1790143218 1479 73 5.99
1790143223 1479 73 6.23
1790143228 1479 73 7.10
1790143234 1479 73 6.85
1790143239 1479 73 7.66
1790143244 1479 73 7.45
1790143249 1479 73 6.93
1790143254 1479 73 6.46
1790143259 1479 73 7.78
1790143264 1479 73 7.32
1790143269 1479 73 7.93
1790143274 1036 73 7.30
1790143279 1479 73 6.95
1790143284 614 73 6.72
1790143289 710 73 6.34
1790143294 614 73 5.91
1790143299 710 72 5.44
1790143304 825 73 5.08
1790143309 518 73 4.76
1790143314 1479 72 4.37
1790143319 518 72 4.10
1790143324 825 73 3.85
1790143329 1132 72 3.63
1790143334 1479 72 3.42
1790143339 825 72 3.30
1790143344 614 72 3.04
1790143349 825 72 3.03
1790143354 825 72 2.79
1790143359 825 72 2.89
1790143364 518 72 2.66
1790143369 614 72 2.44
1790143374 1036 72 2.33
1790143379 614 72 2.62
1790143384 710 71 2.49
1790143389 825 72 2.37
1790143394 614 72 2.18
1790143399 1479 72 2.09
1790143404 1479 73 3.28
1790143409 710 72 3.02
1790143414 1036 72 2.78
1790143420 921 72 2.55
1790143425 921 72 2.51
1790143430 518 72 2.55
1790143435 1479 72 2.50
1790143440 1479 73 2.38
1790143445 1036 72 2.43
1790143450 1326 72 2.72
1790143455 1326 73 2.50
1790143460 1479 73 2.38
1790143465 1036 72 2.19
1790143470 1479 72 2.90
1790143475 1326 72 3.30
1790143480 1479 72 3.04
1790143485 1224 73 2.96
1790143490 1479 72 2.88
1790143495 1224 72 2.81
1790143500 1326 73 2.74
1790143505 1479 73 2.92
1790143510 1479 72 3.57
1790143515 710 72 3.69
1790143520 921 73 3.95
1790143525 1036 72 3.72
1790143530 710 72 3.42
1790143535 518 72 3.14
1790143540 1479 73 3.85
1790143545 1479 74 5.55
1790143550 1036 73 5.50
1790143555 1479 73 5.06
1790143560 1036 73 4.66
1790143565 1036 73 4.60
1790143571 1224 73 4.72
1790143576 1479 73 4.34
1790143581 1479 73 4.23
1790143586 1326 73 3.89
1790143591 1036 73 3.66
1790143596 1224 73 3.45
1790143601 1479 73 3.49
1790143606 825 73 4.09
1790143611 1326 73 3.76
1790143616 1326 73 3.70
1790143621 921 73 3.57
1790143626 921 73 3.60
1790143631 1479 73 3.31
1790143636 1479 73 3.05
1790143641 1479 73 3.60
1790143646 1326 73 3.56
1790143651 1036 73 3.67
1790143656 1479 73 3.38
1790143661 1479 73 3.43
1790143666 1479 74 3.31
1790143671 1479 73 3.05
1790143676 1479 74 3.76
1790143681 1479 74 3.94
1790143687 1036 73 3.63
1790143692 1036 73 3.50
1790143697 710 73 3.22
1790143702 1479 74 2.96
1790143707 1132 73 3.52
1790143712 1479 74 3.64
1790143717 710 73 3.35
1790143722 921 73 3.16
1790143727 1479 73 3.07
1790143732 1479 73 3.78
1790143737 825 73 3.88
1790143742 1036 73 3.65
1790143747 921 73 3.44
1790143752 1479 73 3.24
1790143757 1428 73 2.98
1790143762 710 73 2.74
1790143767 1479 73 2.68
1790143772 1479 73 2.95
1790143777 921 73 3.27
1790143782 825 73 3.33
1790143787 1479 73 3.07
1790143792 1036 73 2.82
1790143797 825 73 3.07
1790143802 921 73 2.83
1790143807 1479 73 2.60
1790143812 1479 73 2.39
1790143817 1479 74 3.88
1790143822 1132 73 3.81
1790143827 1479 73 3.59
1790143832 1036 73 3.38
1790143837 1479 74 3.19
1790143842 921 73 3.01
1790143847 1428 73 2.77
1790143852 1479 73 2.55
1790143857 1479 73 2.42
1790143862 710 73 2.31
1790143867 921 73 2.13
1790143872 1479 74 2.36
1790143877 1479 73 2.17
1790143882 1479 73 1.99
1790143887 825 73 1.83
1790143892 825 73 1.69
1790143897 1036 73 1.63
1790143902 1479 74 1.50
1790143907 921 73 1.38
1790143912 1479 73 1.59
1790143917 921 73 1.78
1790143922 1326 74 1.88
1790143927 1479 73 2.53
1790143932 1479 74 2.41
1790143938 1036 74 2.30
1790143943 307 73 2.11
1790143948 307 73 1.94
1790143953 403 73 1.79
1790143958 1479 73 1.64
1790143963 518 73 1.59
1790143968 518 73 1.46
1790143973 1479 74 1.43
1790143978 1479 74 2.51
1790143983 1479 73 2.39
1790143988 1479 73 2.68
1790143993 1326 73 2.63
1790143998 1479 73 2.50
1790144003 1479 74 2.94
1790144008 1479 73 3.42
1790144013 1479 74 3.23
1790144018 1479 74 3.37
1790144023 1479 74 3.10
1790144028 1479 74 2.85
1790144033 1326 74 2.94
1790144038 1479 74 2.79
1790144043 1479 74 2.56
1790144048 1479 74 2.68
1790144053 1224 74 2.79
1790144058 1479 74 2.56
1790144063 1036 74 2.68
1790144068 1224 74 2.46
1790144073 1479 74 2.27
1790144078 1224 74 2.08
1790144083 1479 74 1.92
1790144088 1479 74 1.84
1790144093 1479 74 1.78
1790144099 1479 75 2.43
1790144104 1479 74 2.32
1790144109 1479 75 2.21
1790144114 825 74 2.68
1790144119 921 74 2.54
1790144124 825 74 2.42
1790144129 825 74 2.39
1790144134 1132 74 2.19
1790144139 921 73 2.34
1790144144 710 73 2.23
1790144149 1036 73 2.05
1790144154 825 73 1.89
1790144159 1479 74 1.82
1790144164 1479 73 1.67
1790144169 1036 73 1.62
1790144174 921 73 1.57
1790144179 710 73 1.44
1790144184 1036 73 1.33
1790144189 614 73 1.38
1790144194 825 73 1.27
1790144199 1036 73 1.25
1790144204 1224 73 1.15
1790144209 1036 73 1.38
1790144214 1479 73 1.35
1790144219 825 73 1.56
1790144224 710 73 1.51
1790144229 825 73 1.47
1790144234 614 73 1.35
1790144239 518 72 1.57
1790144244 1479 73 1.44
1790144249 307 72 1.40
1790144254 825 72 1.45
1790144259 403 72 1.42
1790144265 307 72 1.30
1790144270 1479 73 1.20
1790144275 921 72 2.38
1790144280 1479 73 2.19
1790144285 1479 72 2.10
1790144290 1036 73 1.93
1790144295 1036 73 1.85
1790144300 1479 73 1.79
1790144305 1479 72 1.80
1790144310 1479 73 1.74
1790144315 1036 73 2.48
1790144320 825 73 2.36
1790144325 710 72 2.17
1790144330 1326 73 2.16
1790144335 921 73 2.31
1790144340 1479 73 2.20
1790144345 1036 73 2.59
1790144350 921 73 2.54
1790144355 825 73 2.41
1790144360 825 73 2.22
1790144365 1479 73 2.04
1790144370 518 72 2.04
1790144375 1479 74 1.88
1790144380 1479 74 3.78
1790144386 1479 74 5.88
1790144391 1479 74 5.89
1790144396 1479 75 5.89
1790144401 1479 74 5.50
1790144406 1479 75 5.46
1790144411 1479 75 5.51
1790144416 1479 75 5.95
1790144421 1428 75 5.47
1790144426 1479 75 5.51
1790144431 1479 76 5.23
1790144436 1479 76 5.21
1790144441 1479 76 5.03
1790144446 1326 75 5.67
1790144451 1479 76 5.30
1790144456 1479 76 6.00
1790144461 1479 76 5.92
1790144466 1224 76 5.60
1790144471 614 75 5.31
1790144476 710 75 5.05
1790144481 1479 76 4.72
1790144486 614 75 4.66
1790144491 518 75 4.37
1790144496 1479 75 4.18
1790144501 518 75 4.09
1790144506 403 74 3.76
1790144511 403 74 3.46
1790144516 403 74 3.18
1790144522 518 74 2.93
1790144527 614 74 2.69
1790144532 1479 74 2.56
1790144537 518 73 2.35
1790144542 1479 74 2.32
1790144547 1479 75 2.86
1790144552 614 74 3.03
1790144557 1479 74 2.87
1790144562 1479 74 2.72
1790144567 921 74 2.66
1790144572 1479 74 2.61
1790144577 1479 74 2.40
1790144582 1479 74 2.28
1790144587 1132 74 2.58
1790144592 1479 74 2.37
1790144597 1036 74 2.18
1790144602 1036 74 2.65
1790144607 1479 74 2.68
1790144612 921 74 2.54
1790144617 825 74 2.42
1790144622 1479 74 2.31
1790144627 1326 74 2.28
1790144632 921 74 2.18
1790144637 518 74 3.77
1790144642 518 74 3.54
1790144647 1479 74 3.50
1790144652 403 73 3.30
1790144657 614 73 3.12
1790144662 614 73 3.03
1790144667 1479 73 2.86
1790144672 1479 74 3.43
1790144677 1479 75 6.36
1790144682 1326 74 5.93
1790144688 1479 74 5.46
1790144693 1428 74 5.66
1790144698 1479 74 6.41
1790144703 1479 75 5.98
1790144708 1479 75 5.66
1790144713 1479 75 6.57
1790144718 1479 75 6.52
1790144723 1479 75 6.40
1790144728 1479 75 6.29
1790144733 1479 76 5.86
1790144738 1479 76 5.55
1790144743 1479 76 5.75
1790144748 1479 76 7.13
1790144753 1479 76 7.36
1790144758 1479 77 7.09
1790144763 1479 77 6.68
1790144768 1479 77 6.39
1790144773 1479 77 6.28
1790144778 1479 77 6.82
1790144783 1479 77 9.15
1790144788 1479 76 8.50
1790144794 1479 78 8.30
1790144799 1479 77 8.27
1790144804 921 77 7.69
1790144809 614 76 7.32
1790144814 710 76 6.73
1790144819 921 76 6.19
1790144824 921 76 5.85
1790144829 921 76 5.47
1790144834 1224 76 5.19
1790144839 1479 76 5.09
1790144844 1479 76 4.68
1790144849 1224 76 4.55
1790144854 921 76 4.18
1790144859 1479 76 3.93
1790144864 1479 76 3.69
1790144869 921 75 3.72
1790144874 1132 76 3.50
1790144879 1479 76 3.22
1790144884 825 75 3.04
1790144889 518 75 3.04
1790144894 518 75 2.80
1790144899 614 75 2.57
1790144904 614 75 2.69
1790144909 710 74 2.55
